[business.genuiny.com/register/index5be3.html]
[backblue.gif]
[fade.gif]
[index.html]
[business.genuiny.com/Content/bootstrap.css]
[business.genuiny.com/Content/site.css]
[cdn3.devexpress.com/jslib/20.1.8/css/dx.common.css]
[cdn3.devexpress.com/jslib/20.1.8/css/dx.light.css]
[cdnjs.cloudflare.com/ajax/libs/select2/4.0.5/css/select2.min.css]
[business.genuiny.com/Content/logo_HD_cropped_white.png]
[business.genuiny.com/register/success.html]
[cdn.datatables.net/1.11.4/css/jquery.dataTables.css]
[business.genuiny.com/register/index5be3.html]
[business.genuiny.com/Content/bootstrap.css]
[business.genuiny.com/Content/site.css]
[cdn3.devexpress.com/jslib/20.1.8/css/dx.common.css]
[cdn.datatables.net/1.11.4/js/jquery.dataTables.js]
[cdn3.devexpress.com/jslib/20.1.8/css/icons/dxicons.woff2]
[cdn3.devexpress.com/jslib/20.1.8/css/icons/dxicons.woff]
[cdn3.devexpress.com/jslib/20.1.8/css/icons/dxicons.ttf]
[cdn3.devexpress.com/jslib/20.1.8/css/dx.light.css]
[cdnjs.cloudflare.com/ajax/libs/select2/4.0.5/css/select2.min.css]
[business.genuiny.com/Content/playstore.png]
[business.genuiny.com/Content/appstore.png]
[business.genuiny.com/Content/logo_HD_cropped.png]
[cdnjs.cloudflare.com/ajax/libs/jszip/3.1.5/jszip.min.js]
[cdn3.devexpress.com/jslib/20.1.8/js/dx.all.js]
[business.genuiny.com/Lib/js/localization/dx.messages.it.js]
[business.genuiny.com/register/success.html]
[cdn.datatables.net/1.11.4/images/sort_both.png]
[cdn.datatables.net/1.11.4/images/sort_asc.png]
[cdn.datatables.net/1.11.4/images/sort_desc.png]
[cdn.datatables.net/1.11.4/images/sort_asc_disabled.png]
[cdn.datatables.net/1.11.4/css/jquery.dataTables.css]
[cdn.datatables.net/1.11.4/images/sort_desc_disabled.png]
[business.genuiny.com/Lib/js/localization/dx.messages.it.js]
[business.genuiny.com/Scripts/moment.html]
